A51 MACRO ASSEMBLER  PROJECT                                                              09/29/2021 15:44:13 PAGE     1


MACRO ASSEMBLER A51 V8.2.5.0
OBJECT MODULE PLACED IN .\Objects\project.obj
ASSEMBLER INVOKED BY: C:\Keil_v5\C51\BIN\A51.EXE project.asm SET(SMALL) DEBUG PRINT(.\Listings\project.lst) OBJECT(.\Obj
                      ects\project.obj) EP

LOC  OBJ            LINE     SOURCE

0000                   1     org 0h

                       2     

0000                   3     MAIN:

0000 114F              4     ACALL LCD_INIT

0002 900506            5     MOV DPTR,#MYDATA

0005 115E              6     ACALL SEND_DAT

0007 11F8              7     ACALL DELAY

0009 1111              8     ACALL READ_KEYPRESS

000B 11F8              9     ACALL DELAY

000D 1120             10     ACALL CHECK_PASSWORD  

                      11     

000F 80FE             12     Stay_here:SJMP Stay_here 

                      13             

                      14     

                      15     

0011                  16     READ_KEYPRESS:

0011 7805             17     MOV R0,#5D

0013 79A0             18     MOV R1,#160D

0015 116A             19     ROTATE:ACALL KEY_SCAN

0017 F7               20     MOV @R1,A

0018 11EB             21     ACALL DATAWRT

001A 3101             22     ACALL DELAY2

001C 09               23     INC R1

001D D8F6             24     DJNZ R0,ROTATE

001F 22               25     RET

                      26     

0020 7805             27     CHECK_PASSWORD:MOV R0,#5D

0022 79A0             28     MOV R1,#160D

0024 900510           29     MOV DPTR,#PASSWORD

0027 E4               30     RPT:CLR A

0028 93               31     MOVC A,@A+DPTR

0029 67               32     XRL A,@R1

002A 7013             33     JNZ FAIL

002C 09               34     INC R1

002D A3               35     INC DPTR

002E D8F7             36     DJNZ R0,RPT

0030 114F             37     ACALL LCD_INIT

0032 900520           38     MOV DPTR,#TEXT_S1

0035 115E             39     ACALL SEND_DAT

0037 11F8             40     ACALL DELAY

0039 D2A3             41     SETB P2.3

003B C2A4             42     CLR P2.4

003D 800F             43     SJMP GOBACK

003F 114F             44     FAIL:ACALL LCD_INIT

0041 900516           45     MOV DPTR,#TEXT_F1

0044 115E             46     ACALL SEND_DAT

0046 11F8             47     ACALL DELAY

0048 C2A3             48     CLR P2.3

004A C2A4             49     CLR P2.4

004C 1100             50     ACALL MAIN

004E 22               51     GOBACK:RET

                      52     

004F 900500           53     LCD_INIT:MOV DPTR,#MYCOM

0052 E4               54     C1:CLR A

0053 93               55     MOVC A,@A+DPTR

0054 11DE             56     ACALL COMNWRT

0056 11F8             57     ACALL  DELAY

A51 MACRO ASSEMBLER  PROJECT                                                              09/29/2021 15:44:13 PAGE     2

0058 A3               58     INC DPTR

0059 6002             59     JZ DAT

005B 80F5             60     SJMP C1

005D 22               61     DAT:RET

                      62     

005E                  63     SEND_DAT:  

005E E4               64     CLR A

005F 93               65     MOVC A,@A+DPTR

0060 11EB             66     ACALL DATAWRT

0062 11F8             67     ACALL DELAY

0064 A3               68     INC DPTR

0065 6002             69     JZ AGAIN

0067 80F5             70     SJMP SEND_DAT

0069 22               71     AGAIN: RET

                      72     

                      73     

                      74     

006A 7590FF           75     KEY_SCAN:MOV P1,#11111111B 

006D C290             76     CLR P1.0 

006F 209403           77     JB P1.4, NEXT1 

0072 7437             78     MOV A,#55D

0074 22               79     RET

                      80     

0075 209503           81     NEXT1:JB P1.5,NEXT2

0078 7438             82     MOV A,#56D

007A 22               83     RET

                      84     

007B 209603           85     NEXT2: JB P1.6,NEXT3

007E 7439             86     MOV A,#57D                

0080 22               87     RET

                      88     

0081 209703           89     NEXT3: JB P1.7,NEXT4

0084 742F             90     MOV A,#47D 

0086 22               91     RET

                      92     

0087 D290             93     NEXT4:SETB P1.0

0089 C291             94     CLR P1.1 

008B 209403           95     JB P1.4, NEXT5 

008E 7434             96     MOV A,#52D 

0090 22               97     RET

                      98     

0091 209503           99     NEXT5:JB P1.5,NEXT6

0094 7435            100     MOV A,#53D      

0096 22              101     RET

                     102     

0097 209603          103     NEXT6: JB P1.6,NEXT7

009A 7436            104     MOV A,#54D

009C 22              105     RET

                     106     

009D 209703          107     NEXT7: JB P1.7,NEXT8

00A0 742A            108     MOV A,#42D

00A2 22              109     RET

                     110     

00A3 D291            111     NEXT8:SETB P1.1

00A5 C292            112     CLR P1.2

00A7 209403          113     JB P1.4, NEXT9 

00AA 7431            114     MOV A,#49D 

00AC 22              115     RET

                     116     

00AD 209503          117     NEXT9:JB P1.5,NEXT10

00B0 7432            118     MOV A,#50D 

00B2 22              119     RET

                     120     

00B3 209603          121     NEXT10: JB P1.6,NEXT11

00B6 7433            122     MOV A,#51D       

00B8 22              123     RET

A51 MACRO ASSEMBLER  PROJECT                                                              09/29/2021 15:44:13 PAGE     3

                     124     

00B9 209703          125     NEXT11: JB P1.7,NEXT12

00BC 742D            126     MOV A,#45D 

00BE 22              127     RET

                     128     

00BF D292            129     NEXT12:SETB P1.2

00C1 C293            130     CLR P1.3

00C3 209403          131     JB P1.4, NEXT13 

00C6 7443            132     MOV A,#67D

00C8 22              133     RET

                     134     

00C9 209503          135     NEXT13:JB P1.5,NEXT14

00CC 7430            136     MOV A,#48D 

00CE 22              137     RET

                     138     

00CF 209603          139     NEXT14: JB P1.6,NEXT15

00D2 743D            140     MOV A,#61D      

00D4 22              141     RET

                     142     

00D5 209703          143     NEXT15: JB P1.7,NEXT16

00D8 742B            144     MOV A,#43D

00DA 22              145     RET

00DB 02006A          146     NEXT16:LJMP KEY_SCAN

                     147     

                     148     

00DE F5B0            149     COMNWRT:MOV P3,A

00E0 C2A0            150     CLR P2.0

00E2 C2A1            151     CLR P2.1

00E4 D2A2            152     SETB P2.2

00E6 11F8            153     ACALL DELAY

00E8 C2A2            154     CLR P2.2

00EA 22              155     RET

                     156     

00EB F5B0            157     DATAWRT: MOV P3,A

00ED D2A0            158     SETB P2.0

00EF C2A1            159     CLR P2.1

00F1 D2A2            160     SETB P2.2

00F3 11F8            161     ACALL DELAY

00F5 C2A2            162     CLR P2.2

00F7 22              163     RET

                     164     

00F8 7B32            165     DELAY: MOV R3,#50

00FA 7CFF            166     HERE2: MOV R4,#255

00FC DCFE            167     HERE: DJNZ R4,HERE

00FE DBFA            168     DJNZ R3,HERE2

0100 22              169     RET

                     170     

0101 7BFA            171     DELAY2: MOV R3,#250D

0103 758901          172              MOV TMOD,#01

0106 758CFC          173     BACK2:   MOV TH0,#0FCH 

0109 758A18          174             MOV TL0,#018H 

010C D28C            175             SETB TR0 

010E 308DFD          176     HERE5:  JNB TF0,HERE5

0111 C28C            177             CLR TR0 

0113 C28D            178             CLR TF0 

0115 DBEF            179             DJNZ R3,BACK2

0117 22              180             RET       

                     181     

0118 7401            182     CLRSCR: MOV A,#01H

011A 11DE            183     ACALL COMNWRT

011C 22              184     RET

                     185     

0500                 186     ORG 500H

0500 380E0106        187     MYCOM: DB 38H,0EH,01,06,80H,0

0504 8000                    
0506 50617373        188     MYDATA: DB "Password-",0

A51 MACRO ASSEMBLER  PROJECT                                                              09/29/2021 15:44:13 PAGE     4

050A 776F7264                
050E 2D00                    
0510 31323334        189     PASSWORD:DB 49D,50D,51D,52D,53D,0

0514 3500                    
0516 494E434F        190     TEXT_F1: DB "INCORRECT",0

051A 52524543                
051E 5400                    
0520 434F5252        191     TEXT_S1: DB "CORRECT",0

0524 45435400                
                     192     END

A51 MACRO ASSEMBLER  PROJECT                                                              09/29/2021 15:44:13 PAGE     5

SYMBOL TABLE LISTING
------ ----- -------


N A M E             T Y P E  V A L U E   ATTRIBUTES

AGAIN. . . . . . .  C ADDR   0069H   A   
BACK2. . . . . . .  C ADDR   0106H   A   
C1 . . . . . . . .  C ADDR   0052H   A   
CHECK_PASSWORD . .  C ADDR   0020H   A   
CLRSCR . . . . . .  C ADDR   0118H   A   
COMNWRT. . . . . .  C ADDR   00DEH   A   
DAT. . . . . . . .  C ADDR   005DH   A   
DATAWRT. . . . . .  C ADDR   00EBH   A   
DELAY. . . . . . .  C ADDR   00F8H   A   
DELAY2 . . . . . .  C ADDR   0101H   A   
FAIL . . . . . . .  C ADDR   003FH   A   
GOBACK . . . . . .  C ADDR   004EH   A   
HERE . . . . . . .  C ADDR   00FCH   A   
HERE2. . . . . . .  C ADDR   00FAH   A   
HERE5. . . . . . .  C ADDR   010EH   A   
KEY_SCAN . . . . .  C ADDR   006AH   A   
LCD_INIT . . . . .  C ADDR   004FH   A   
MAIN . . . . . . .  C ADDR   0000H   A   
MYCOM. . . . . . .  C ADDR   0500H   A   
MYDATA . . . . . .  C ADDR   0506H   A   
NEXT1. . . . . . .  C ADDR   0075H   A   
NEXT10 . . . . . .  C ADDR   00B3H   A   
NEXT11 . . . . . .  C ADDR   00B9H   A   
NEXT12 . . . . . .  C ADDR   00BFH   A   
NEXT13 . . . . . .  C ADDR   00C9H   A   
NEXT14 . . . . . .  C ADDR   00CFH   A   
NEXT15 . . . . . .  C ADDR   00D5H   A   
NEXT16 . . . . . .  C ADDR   00DBH   A   
NEXT2. . . . . . .  C ADDR   007BH   A   
NEXT3. . . . . . .  C ADDR   0081H   A   
NEXT4. . . . . . .  C ADDR   0087H   A   
NEXT5. . . . . . .  C ADDR   0091H   A   
NEXT6. . . . . . .  C ADDR   0097H   A   
NEXT7. . . . . . .  C ADDR   009DH   A   
NEXT8. . . . . . .  C ADDR   00A3H   A   
NEXT9. . . . . . .  C ADDR   00ADH   A   
P1 . . . . . . . .  D ADDR   0090H   A   
P2 . . . . . . . .  D ADDR   00A0H   A   
P3 . . . . . . . .  D ADDR   00B0H   A   
PASSWORD . . . . .  C ADDR   0510H   A   
READ_KEYPRESS. . .  C ADDR   0011H   A   
ROTATE . . . . . .  C ADDR   0015H   A   
RPT. . . . . . . .  C ADDR   0027H   A   
SEND_DAT . . . . .  C ADDR   005EH   A   
STAY_HERE. . . . .  C ADDR   000FH   A   
TEXT_F1. . . . . .  C ADDR   0516H   A   
TEXT_S1. . . . . .  C ADDR   0520H   A   
TF0. . . . . . . .  B ADDR   0088H.5 A   
TH0. . . . . . . .  D ADDR   008CH   A   
TL0. . . . . . . .  D ADDR   008AH   A   
TMOD . . . . . . .  D ADDR   0089H   A   
TR0. . . . . . . .  B ADDR   0088H.4 A   


REGISTER BANK(S) USED: 0 


ASSEMBLY COMPLETE.  0 WARNING(S), 0 ERROR(S)
